2024-03-01 08:00:01 INFO  Application started successfully
2024-03-01 08:00:05 INFO  Loading configuration from /etc/app/config.yaml
2024-03-01 08:01:12 INFO  Database connection established
2024-03-01 08:02:30 WARN  Retrying connection to cache server (attempt 1/3)
2024-03-01 08:02:35 WARN  Retrying connection to cache server (attempt 2/3)
2024-03-01 08:02:40 WARN  Retrying connection to cache server (attempt 3/3)
2024-03-01 08:02:41 ERROR Cache server unreachable: Connection timed out
2024-03-01 08:03:00 INFO  Falling back to in-memory cache
2024-03-01 08:05:00 INFO  Request received: GET /api/users
2024-03-01 08:05:01 INFO  Request handled in 23ms
2024-03-01 08:06:15 INFO  Request received: POST /api/login
2024-03-01 08:06:16 INFO  User alice logged in successfully
2024-03-01 08:07:00 WARN  Disk usage at 75% on /dev/sda1
2024-03-01 08:08:30 INFO  Request received: GET /api/data
2024-03-01 08:08:31 ERROR Unhandled exception: NullPointerException at DataService.java:142
2024-03-01 08:08:31 ERROR Stack trace: DataService.getData() -> CacheService.fetch() -> null
2024-03-01 08:09:00 INFO  Health check passed
2024-03-01 08:10:00 INFO  Scheduled task: cleanup temp files
2024-03-01 08:10:05 INFO  Removed 12 temp files (1.2 MB freed)
2024-03-01 08:11:00 WARN  High memory usage detected: 88% of 4GB
2024-03-01 08:12:00 INFO  Garbage collection triggered
2024-03-01 08:12:03 INFO  Memory usage reduced to 62%
2024-03-01 08:15:00 ERROR Failed to write audit log: Permission denied /var/log/app/audit.log
2024-03-01 08:15:01 WARN  Audit logging disabled until permission issue resolved
2024-03-01 08:20:00 INFO  Backup job started
2024-03-01 08:21:30 INFO  Backup completed: 45 files archived
2024-03-01 08:30:00 INFO  Application shutdown initiated
2024-03-01 08:30:02 INFO  Database connection closed
2024-03-01 08:30:03 INFO  Application stopped
